java.lang.NullPointerExceptionnull